8
[1, 1, 1; 1, 1, 1; 1, 1, 1; ]
84
84
84
84
84
84
84
84
84
8
[42, 42, 42; 42, 42, 42; 42, 42, 42; ]
