INTLIT
MINUS
FLOATLIT
TIMES
FLOATLIT
DIVIDE
INTLIT
MINUS
FLOATLIT
