INT
FLOAT
BOOL
VOID
NULL
TRUE
FALSE
FUNC
NEW
CENTER
NORTH
SOUTH
WEST
EAST
NWEST
NEAST
SWEST
SEAST
IMG
MAT
FMAT
