FLOAT
FUNC
LPAREN
INT
ID
COMMA
INT
ID
RPAREN
LBRACE
RETURN
FLOATLIT
SEMI
RBRACE
