INT
ID
LPAREN
RPAREN
LBRACE
RETURN
INTLIT
SEMI
RBRACE
