NUMLIT
MINUS
NUMLIT
TIMES
NUMLIT
DIVIDE
NUMLIT
MINUS
NUMLIT
